// Jest Snapshot v1, https://goo.gl/fbAQLP

exports[`<Button /> See more posts should match snapshot 1`] = `
<button
  class="button"
>
  Load more posts
</button>
`;
